// Jest Snapshot v1, https://goo.gl/fbAQLP

exports[`<ResellerCard /> snapshot 1`] = `
<View
  style={
    Object {
      "backgroundColor": "white",
      "borderRadius": 10,
      "elevation": 9,
      "flexDirection": "row",
      "height": 50,
      "marginLeft": 50,
      "marginRight": 50,
      "paddingRight": 15,
      "shadowColor": "#000",
      "shadowOffset": Object {
        "height": 10,
        "width": 0,
      },
      "shadowOpacity": 0.24,
      "shadowRadius": 7,
    }
  }
>
  <View
    style={
      Object {
        "alignItems": "flex-start",
        "flex": 1,
        "justifyContent": "center",
        "marginLeft": 10,
      }
    }
  >
    <Text
      style={
        Object {
          "fontSize": 18,
          "fontWeight": "bold",
        }
      }
    />
  </View>
</View>
`;
