// Jest Snapshot v1, https://goo.gl/fbAQLP

exports[`<ProductCard/> snapshot 1`] = `
<View>
  <View
    style={
      Object {
        "backgroundColor": "white",
      }
    }
  >
    <View
      style={
        Object {
          "borderRadius": 5,
          "elevation": 1,
          "height": 300,
          "marginBottom": 25,
          "marginHorizontal": 10,
          "shadowColor": "#000",
          "shadowOffset": Object {
            "height": 2,
            "width": 0,
          },
          "shadowRadius": 7,
          "width": 300,
        }
      }
    >
      <View
        style={
          Object {
            "backgroundColor": "#F7F7F7",
            "borderTopLeftRadius": 5,
            "borderTopRightRadius": 5,
            "flex": 1,
            "flexDirection": "column",
          }
        }
      >
        <View
          style={
            Object {
              "alignItems": "center",
              "backgroundColor": "white",
              "flex": 1,
              "height": "58%",
              "marginTop": 1,
              "overflow": "hidden",
              "position": "relative",
              "width": "100%",
            }
          }
        >
          <Image
            resizeMode="contain"
            source={
              Object {
                "uri": undefined,
              }
            }
            style={
              Object {
                "flex": 1,
                "height": "100%",
                "width": "100%",
              }
            }
          />
        </View>
        <View
          style={
            Object {
              "alignItems": "center",
              "flex": 1,
              "flexDirection": "column",
            }
          }
        >
          <View
            style={
              Object {
                "alignItems": "center",
                "flex": 1,
                "flexDirection": "column",
                "height": "100%",
                "justifyContent": "space-between",
                "paddingHorizontal": 20,
              }
            }
          >
            <RNGestureHandlerButton
              collapsable={false}
              onGestureEvent={[Function]}
              onGestureHandlerEvent={[Function]}
              onGestureHandlerStateChange={[Function]}
              onHandlerStateChange={[Function]}
              rippleColor={0}
            >
              <View
                accessible={true}
                style={
                  Object {
                    "alignItems": "center",
                    "flex": 1,
                    "flexDirection": "column",
                    "height": "100%",
                    "justifyContent": "space-between",
                    "opacity": 1,
                    "width": "100%",
                  }
                }
              >
                <View
                  style={
                    Object {
                      "flexDirection": "row",
                      "justifyContent": "space-between",
                      "width": "100%",
                    }
                  }
                >
                  <View
                    style={
                      Object {
                        "alignItems": "center",
                        "alignSelf": "flex-start",
                        "flexDirection": "row",
                      }
                    }
                  >
                    <View
                      style={
                        Object {
                          "overflow": "hidden",
                        }
                      }
                    >
                      <View>
                        <View
                          style={
                            Object {
                              "alignItems": "center",
                              "backgroundColor": "transparent",
                              "justifyContent": "center",
                            }
                          }
                        >
                          <Text />
                        </View>
                      </View>
                    </View>
                    <Text
                      style={
                        Object {
                          "color": "#5C5E64",
                          "fontSize": 13,
                          "fontWeight": "bold",
                          "paddingTop": 5,
                          "textAlign": "right",
                        }
                      }
                    >
                       
                    </Text>
                  </View>
                  <View
                    style={
                      Object {
                        "flex": 1,
                      }
                    }
                  />
                  <View
                    style={
                      Object {
                        "alignItems": "center",
                        "alignSelf": "flex-start",
                        "flexDirection": "row",
                      }
                    }
                  >
                    <Text
                      style={
                        Object {
                          "color": "#5C5E64",
                          "fontSize": 13,
                          "fontWeight": "bold",
                          "paddingTop": 5,
                          "textAlign": "right",
                        }
                      }
                    >
                       
                    </Text>
                    <View
                      style={
                        Object {
                          "overflow": "hidden",
                        }
                      }
                    >
                      <View>
                        <View
                          style={
                            Object {
                              "alignItems": "center",
                              "backgroundColor": "transparent",
                              "justifyContent": "center",
                            }
                          }
                        >
                          <Text />
                        </View>
                      </View>
                    </View>
                  </View>
                </View>
                <Text
                  adjustsFontSizeToFit={true}
                  numberOfLines={2}
                  style={
                    Object {
                      "color": "#5C5E64",
                      "fontSize": 13,
                      "fontWeight": "bold",
                      "paddingTop": 5,
                      "textAlign": "center",
                    }
                  }
                >
                   
                   
                </Text>
                <Text
                  style={
                    Object {
                      "color": "#772CE8",
                      "fontSize": 14,
                      "fontWeight": "bold",
                      "textAlign": "center",
                    }
                  }
                >
                   
                   
                </Text>
                <View
                  style={
                    Object {
                      "alignItems": "center",
                      "flexDirection": "row",
                      "justifyContent": "space-between",
                    }
                  }
                >
                  <View
                    style={
                      Object {
                        "alignItems": "center",
                        "backgroundColor": "#32D1F7",
                        "borderRadius": 15,
                        "height": 15,
                        "width": 15,
                        "zIndex": 2000,
                      }
                    }
                  >
                    <Text
                      style={
                        Object {
                          "color": "#F4F6FA",
                          "fontSize": 10,
                          "fontWeight": "bold",
                        }
                      }
                    >
                      
                    </Text>
                  </View>
                  <Text
                    style={
                      Object {
                        "color": "#772CE8",
                        "fontSize": 14,
                        "fontWeight": "bold",
                        "textAlign": "center",
                      }
                    }
                  >
                     
                    $Â 0
                  </Text>
                </View>
              </View>
            </RNGestureHandlerButton>
          </View>
          <RNGestureHandlerButton
            collapsable={false}
            onGestureEvent={[Function]}
            onGestureHandlerEvent={[Function]}
            onGestureHandlerStateChange={[Function]}
            onHandlerStateChange={[Function]}
            rippleColor={0}
            testID="add_to_cart_text"
          >
            <View
              accessible={true}
              style={
                Object {
                  "backgroundColor": "#7444FB",
                  "borderRadius": 20,
                  "elevation": 4,
                  "marginVertical": 9,
                  "opacity": 1,
                  "paddingHorizontal": 25,
                  "paddingVertical": 6,
                  "shadowColor": "#000",
                  "shadowOpacity": 0.24,
                  "shadowRadius": 7,
                }
              }
            >
              <Text
                style={
                  Object {
                    "color": "#fff",
                    "fontSize": 10,
                    "fontWeight": "bold",
                  }
                }
              >
                Agregar al carrito
              </Text>
            </View>
          </RNGestureHandlerButton>
        </View>
      </View>
    </View>
  </View>
</View>
`;
