// Jest Snapshot v1, https://goo.gl/fbAQLP

exports[`<SearchInput /> snapshot 1`] = `
<View
  style={
    Object {
      "backgroundColor": "#772CE8",
      "flex": 1,
      "height": 69,
      "paddingHorizontal": 12,
      "position": "absolute",
      "top": 60,
      "width": "100%",
    }
  }
>
  <View
    style={
      Object {
        "alignItems": "center",
        "backgroundColor": "#F3F1F3",
        "borderRadius": 50,
        "elevation": 5,
        "flexDirection": "row",
        "height": 36,
        "justifyContent": "center",
        "paddingHorizontal": 20,
        "shadowColor": "#000",
        "shadowOffset": Object {
          "height": 2,
          "width": 0,
        },
        "shadowOpacity": 0.25,
        "shadowRadius": 3.84,
        "top": 19,
        "width": "100%",
      }
    }
  >
    <View
      style={
        Object {
          "overflow": "hidden",
        }
      }
    >
      <View>
        <View
          style={
            Object {
              "alignItems": "center",
              "backgroundColor": "transparent",
              "justifyContent": "center",
            }
          }
        >
          <Text />
        </View>
      </View>
    </View>
    <TextInput
      allowFontScaling={true}
      autoCapitalize="none"
      autoCorrect={false}
      collapsable={false}
      onChangeText={[Function]}
      onGestureHandlerEvent={[Function]}
      onGestureHandlerStateChange={[Function]}
      placeholder="Buscar"
      rejectResponderTermination={true}
      style={
        Object {
          "flex": 1,
          "fontSize": 18,
          "top": 0,
        }
      }
      underlineColorAndroid="transparent"
      value=""
    />
  </View>
</View>
`;
